
inPackage=
outPackage=

templateArgv[0]=heyhey

  
  PORT
  Margaritaville
  Margaritaville
  EOF_PORT


   
        
  PORTMETHOD
  void jimmy_buffet
  jimmy_buffet
  EOF_PORTMETHOD
  

